============================= test session starts =============================
platform win32 -- Python 3.14.2, pytest-9.0.2, pluggy-1.6.0
rootdir: C:\Users\cmpj\dev\work\Collab\aurav3-pilot\backend
configfile: pytest.ini
plugins: anyio-4.12.1, asyncio-1.3.0, cov-7.0.0
asyncio: mode=Mode.STRICT, debug=False, asyncio_default_fixture_loop_scope=None, asyncio_default_test_loop_scope=function
collected 1 item

tests/test_events.py::test_get_event 
------------------------------- live log setup --------------------------------
ERROR    app.routers.events.shared:crud.py:219 Event creation error: (psycopg2.ProgrammingError) can't adapt type 'EventStatus'
[SQL: INSERT INTO events (school_id, event_type_id, created_by_user_id, create_idempotency_key, name, location, geo_latitude, geo_longitude, geo_radius_m, geo_required, geo_max_accuracy_m, early_check_in_minutes, late_threshold_minutes, sign_out_grace_minutes, sign_out_open_delay_minutes, sign_out_override_until, present_until_override_at, late_until_override_at, start_at, end_at, status, created_at, updated_at) VALUES (%(school_id)s, %(event_type_id)s, %(created_by_user_id)s, %(create_idempotency_key)s, %(name)s, %(location)s, %(geo_latitude)s, %(geo_longitude)s, %(geo_radius_m)s, %(geo_required)s, %(geo_max_accuracy_m)s, %(early_check_in_minutes)s, %(late_threshold_minutes)s, %(sign_out_grace_minutes)s, %(sign_out_open_delay_minutes)s, %(sign_out_override_until)s, %(present_until_override_at)s, %(late_until_override_at)s, %(start_at)s, %(end_at)s, %(status)s, %(created_at)s, %(updated_at)s) RETURNING events.id]
[parameters: {'school_id': 40, 'event_type_id': None, 'created_by_user_id': 875, 'create_idempotency_key': None, 'name': 'Test Event', 'location': 'Test Hall', 'geo_latitude': None, 'geo_longitude': None, 'geo_radius_m': None, 'geo_required': False, 'geo_max_accuracy_m': None, 'early_check_in_minutes': 30, 'late_threshold_minutes': 10, 'sign_out_grace_minutes': 20, 'sign_out_open_delay_minutes': 0, 'sign_out_override_until': None, 'present_until_override_at': None, 'late_until_override_at': None, 'start_at': datetime.datetime(2099, 1, 1, 8, 0, tzinfo=TzInfo(0)), 'end_at': datetime.datetime(2099, 1, 1, 17, 0, tzinfo=TzInfo(0)), 'status': <EventStatus.UPCOMING: 'upcoming'>, 'created_at': datetime.datetime(2026, 4, 27, 20, 47, 32, 946606, tzinfo=datetime.timezone.utc), 'updated_at': datetime.datetime(2026, 4, 27, 20, 47, 32, 946609, tzinfo=datetime.timezone.utc)}]
(Background on this error at: https://sqlalche.me/e/20/f405)
ERROR

=================================== ERRORS ====================================
______________________ ERROR at setup of test_get_event _______________________

client = <starlette.testclient.TestClient object at 0x0000028EE43D34D0>
campus_admin_headers = {'Authorization': 'Bearer eyJhbGciOiJIUzI1NiIsInR5cCI6IkpXVCJ9.eyJzdWIiOiJjYW1wdXNfYWRtaW5AdGVzdC5jb20iLCJyb2xlcyI6WyJ...iOmZhbHNlLCJzZXNzaW9uX2R1cmF0aW9uX21pbnV0ZXMiOjMwLCJleHAiOjE3NzczMjQ2NTJ9.rARMB3X_AOsOSjZzamomtTF1TlHxgYxqZWFrVTlwnb8'}

    @pytest.fixture(scope="module")
    def event_id(client, campus_admin_headers):
        r = client.post("/api/events/", headers=campus_admin_headers, json=EVENT_PAYLOAD)
>       assert r.status_code in (200, 201), r.text
E       AssertionError: {"detail":"Internal server error"}
E       assert 500 in (200, 201)
E        +  where 500 = <Response [500 Internal Server Error]>.status_code

tests\test_events.py:15: AssertionError
----------------------------- Captured log setup ------------------------------
WARNING  app.services.email_service:config.py:219 Outbound email delivery is disabled. Forgot-password and onboarding emails will not be sent.
ERROR    app.routers.events.shared:crud.py:219 Event creation error: (psycopg2.ProgrammingError) can't adapt type 'EventStatus'
[SQL: INSERT INTO events (school_id, event_type_id, created_by_user_id, create_idempotency_key, name, location, geo_latitude, geo_longitude, geo_radius_m, geo_required, geo_max_accuracy_m, early_check_in_minutes, late_threshold_minutes, sign_out_grace_minutes, sign_out_open_delay_minutes, sign_out_override_until, present_until_override_at, late_until_override_at, start_at, end_at, status, created_at, updated_at) VALUES (%(school_id)s, %(event_type_id)s, %(created_by_user_id)s, %(create_idempotency_key)s, %(name)s, %(location)s, %(geo_latitude)s, %(geo_longitude)s, %(geo_radius_m)s, %(geo_required)s, %(geo_max_accuracy_m)s, %(early_check_in_minutes)s, %(late_threshold_minutes)s, %(sign_out_grace_minutes)s, %(sign_out_open_delay_minutes)s, %(sign_out_override_until)s, %(present_until_override_at)s, %(late_until_override_at)s, %(start_at)s, %(end_at)s, %(status)s, %(created_at)s, %(updated_at)s) RETURNING events.id]
[parameters: {'school_id': 40, 'event_type_id': None, 'created_by_user_id': 875, 'create_idempotency_key': None, 'name': 'Test Event', 'location': 'Test Hall', 'geo_latitude': None, 'geo_longitude': None, 'geo_radius_m': None, 'geo_required': False, 'geo_max_accuracy_m': None, 'early_check_in_minutes': 30, 'late_threshold_minutes': 10, 'sign_out_grace_minutes': 20, 'sign_out_open_delay_minutes': 0, 'sign_out_override_until': None, 'present_until_override_at': None, 'late_until_override_at': None, 'start_at': datetime.datetime(2099, 1, 1, 8, 0, tzinfo=TzInfo(0)), 'end_at': datetime.datetime(2099, 1, 1, 17, 0, tzinfo=TzInfo(0)), 'status': <EventStatus.UPCOMING: 'upcoming'>, 'created_at': datetime.datetime(2026, 4, 27, 20, 47, 32, 946606, tzinfo=datetime.timezone.utc), 'updated_at': datetime.datetime(2026, 4, 27, 20, 47, 32, 946609, tzinfo=datetime.timezone.utc)}]
(Background on this error at: https://sqlalche.me/e/20/f405)
=========================== short test summary info ===========================
ERROR tests/test_events.py::test_get_event - AssertionError: {"detail":"Inter...
============================== 1 error in 3.33s ===============================
